// Jest Snapshot v1, https://goo.gl/fbAQLP

exports[`renders without crashing 1`] = `
<View
  style={
    Object {
      "flex": 1,
      "height": 1334,
      "paddingLeft": 20,
      "paddingRight": 20,
      "paddingTop": 70,
    }
  }
  virtual={undefined}
>
  <View
    style={
      Object {
        "flexDirection": "column",
        "position": "relative",
      }
    }
  >
    <View>
      <View
        onMoveShouldSetResponder={[Function]}
        onMoveShouldSetResponderCapture={[Function]}
        onResponderEnd={[Function]}
        onResponderGrant={[Function]}
        onResponderMove={[Function]}
        onResponderReject={[Function]}
        onResponderRelease={[Function]}
        onResponderStart={[Function]}
        onResponderTerminate={[Function]}
        onResponderTerminationRequest={[Function]}
        onStartShouldSetResponder={[Function]}
        onStartShouldSetResponderCapture={[Function]}
        style={
          Object {
            "left": 0,
            "opacity": 0.8,
            "position": "absolute",
            "right": 0,
            "top": 0,
            "transform": Array [
              Object {
                "scale": 0.8,
              },
            ],
          }
        }
      >
        <View
          style={
            Object {
              "backgroundColor": "#fff",
              "borderBottomWidth": 0.5,
              "borderColor": "#ccc",
              "borderLeftWidth": 0.5,
              "borderRadius": 2,
              "borderRightWidth": 0.5,
              "borderTopWidth": 0.5,
              "elevation": 3,
              "flex": 1,
              "flexWrap": "wrap",
              "marginBottom": 5,
              "marginLeft": 2,
              "marginRight": 2,
              "marginTop": 5,
              "shadowColor": "#000",
              "shadowOffset": Object {
                "height": 2,
                "width": 0,
              },
              "shadowOpacity": 0.1,
              "shadowRadius": 1.5,
            }
          }
          virtual={undefined}
        >
          <View
            style={
              Object {
                "alignItems": "center",
                "backgroundColor": "#fff",
                "borderRadius": 2,
                "flexDirection": "row",
                "paddingBottom": 10,
                "paddingLeft": 15,
                "paddingRight": 15,
                "paddingTop": 10,
              }
            }
            virtual={undefined}
          >
            <View
              style={
                Object {
                  "alignItems": "center",
                  "alignSelf": "center",
                  "flex": 1,
                  "flexDirection": "row",
                }
              }
              virtual={undefined}
            >
              <Image
                source={
                  Object {
                    "uri": "www",
                  }
                }
                style={
                  Object {
                    "borderRadius": 28,
                    "height": 56,
                    "width": 56,
                  }
                }
                virtual={undefined}
              />
              <View
                style={
                  Object {
                    "alignItems": null,
                    "alignSelf": "center",
                    "flex": 1,
                    "marginLeft": 10,
                  }
                }
                virtual={undefined}
              >
                <Text
                  accessible={true}
                  allowFontScaling={true}
                  ellipsizeMode="tail"
                  onPress={[Function]}
                  style={
                    Object {
                      "color": "#000",
                      "fontFamily": "System",
                      "fontSize": 16,
                    }
                  }
                  virtual={undefined}
                >
                  react native
                </Text>
                <Text
                  accessible={true}
                  allowFontScaling={true}
                  ellipsizeMode="tail"
                  note={true}
                  style={
                    Object {
                      "color": "#808080",
                      "fontFamily": "System",
                      "fontSize": 14,
                      "fontWeight": "400",
                      "marginRight": 20,
                    }
                  }
                  virtual={undefined}
                >
                  2017-09-26
                </Text>
              </View>
            </View>
          </View>
          <View
            cardBody={true}
            style={
              Object {
                "alignItems": "center",
                "backgroundColor": "#fff",
                "borderRadius": 2,
                "flexDirection": "row",
                "paddingBottom": -5,
                "paddingLeft": -5,
                "paddingRight": -5,
                "paddingTop": -5,
              }
            }
            virtual={undefined}
          >
            <View
              style={
                Object {
                  "alignItems": "center",
                  "flex": 1,
                  "justifyContent": "center",
                }
              }
              virtual={undefined}
            >
              <Image
                source={
                  Object {
                    "uri": "www",
                  }
                }
                style={
                  Object {
                    "height": 150,
                    "width": 200,
                  }
                }
              />
            </View>
          </View>
          <View
            style={
              Object {
                "alignItems": "center",
                "backgroundColor": "#fff",
                "borderRadius": 2,
                "flexDirection": "row",
                "paddingBottom": 10,
                "paddingLeft": 15,
                "paddingRight": 15,
                "paddingTop": 10,
              }
            }
            virtual={undefined}
          >
            <Text
              accessible={true}
              allowFontScaling={false}
              ellipsizeMode="tail"
              style={
                Array [
                  Object {
                    "color": undefined,
                    "fontSize": 12,
                  },
                  Object {
                    "color": "#ED4A6A",
                    "fontSize": 28,
                    "width": 35,
                  },
                  Object {
                    "fontFamily": "Ionicons",
                    "fontStyle": "normal",
                    "fontWeight": "normal",
                  },
                ]
              }
              virtual={undefined}
            >
              ï‘‡
            </Text>
            <Text
              accessible={true}
              allowFontScaling={true}
              ellipsizeMode="tail"
              style={
                Object {
                  "color": "#000",
                  "fontFamily": "System",
                  "fontSize": 16,
                }
              }
              virtual={undefined}
            >
              edim
            </Text>
          </View>
        </View>
      </View>
      <View
        onMoveShouldSetResponder={[Function]}
        onMoveShouldSetResponderCapture={[Function]}
        onResponderEnd={[Function]}
        onResponderGrant={[Function]}
        onResponderMove={[Function]}
        onResponderReject={[Function]}
        onResponderRelease={[Function]}
        onResponderStart={[Function]}
        onResponderTerminate={[Function]}
        onResponderTerminationRequest={[Function]}
        onStartShouldSetResponder={[Function]}
        onStartShouldSetResponderCapture={[Function]}
        style={
          Object {
            "left": 0,
            "opacity": 1,
            "position": "absolute",
            "right": 0,
            "top": 0,
            "transform": Array [
              Object {
                "translateX": 0,
              },
              Object {
                "translateY": 0,
              },
              Object {
                "rotate": "0deg",
              },
            ],
          }
        }
      >
        <View
          style={
            Object {
              "backgroundColor": "#fff",
              "borderBottomWidth": 0.5,
              "borderColor": "#ccc",
              "borderLeftWidth": 0.5,
              "borderRadius": 2,
              "borderRightWidth": 0.5,
              "borderTopWidth": 0.5,
              "elevation": 3,
              "flex": 1,
              "flexWrap": "wrap",
              "marginBottom": 5,
              "marginLeft": 2,
              "marginRight": 2,
              "marginTop": 5,
              "shadowColor": "#000",
              "shadowOffset": Object {
                "height": 2,
                "width": 0,
              },
              "shadowOpacity": 0.1,
              "shadowRadius": 1.5,
            }
          }
          virtual={undefined}
        >
          <View
            style={
              Object {
                "alignItems": "center",
                "backgroundColor": "#fff",
                "borderRadius": 2,
                "flexDirection": "row",
                "paddingBottom": 10,
                "paddingLeft": 15,
                "paddingRight": 15,
                "paddingTop": 10,
              }
            }
            virtual={undefined}
          >
            <View
              style={
                Object {
                  "alignItems": "center",
                  "alignSelf": "center",
                  "flex": 1,
                  "flexDirection": "row",
                }
              }
              virtual={undefined}
            >
              <Image
                source={
                  Object {
                    "uri": "www",
                  }
                }
                style={
                  Object {
                    "borderRadius": 28,
                    "height": 56,
                    "width": 56,
                  }
                }
                virtual={undefined}
              />
              <View
                style={
                  Object {
                    "alignItems": null,
                    "alignSelf": "center",
                    "flex": 1,
                    "marginLeft": 10,
                  }
                }
                virtual={undefined}
              >
                <Text
                  accessible={true}
                  allowFontScaling={true}
                  ellipsizeMode="tail"
                  onPress={[Function]}
                  style={
                    Object {
                      "color": "#000",
                      "fontFamily": "System",
                      "fontSize": 16,
                    }
                  }
                  virtual={undefined}
                >
                  react native
                </Text>
                <Text
                  accessible={true}
                  allowFontScaling={true}
                  ellipsizeMode="tail"
                  note={true}
                  style={
                    Object {
                      "color": "#808080",
                      "fontFamily": "System",
                      "fontSize": 14,
                      "fontWeight": "400",
                      "marginRight": 20,
                    }
                  }
                  virtual={undefined}
                >
                  2017-09-26
                </Text>
              </View>
            </View>
          </View>
          <View
            cardBody={true}
            style={
              Object {
                "alignItems": "center",
                "backgroundColor": "#fff",
                "borderRadius": 2,
                "flexDirection": "row",
                "paddingBottom": -5,
                "paddingLeft": -5,
                "paddingRight": -5,
                "paddingTop": -5,
              }
            }
            virtual={undefined}
          >
            <View
              style={
                Object {
                  "alignItems": "center",
                  "flex": 1,
                  "justifyContent": "center",
                }
              }
              virtual={undefined}
            >
              <Image
                source={
                  Object {
                    "uri": "www",
                  }
                }
                style={
                  Object {
                    "height": 150,
                    "width": 200,
                  }
                }
              />
            </View>
          </View>
          <View
            style={
              Object {
                "alignItems": "center",
                "backgroundColor": "#fff",
                "borderRadius": 2,
                "flexDirection": "row",
                "paddingBottom": 10,
                "paddingLeft": 15,
                "paddingRight": 15,
                "paddingTop": 10,
              }
            }
            virtual={undefined}
          >
            <Text
              accessible={true}
              allowFontScaling={false}
              ellipsizeMode="tail"
              style={
                Array [
                  Object {
                    "color": undefined,
                    "fontSize": 12,
                  },
                  Object {
                    "color": "#ED4A6A",
                    "fontSize": 28,
                    "width": 35,
                  },
                  Object {
                    "fontFamily": "Ionicons",
                    "fontStyle": "normal",
                    "fontWeight": "normal",
                  },
                ]
              }
              virtual={undefined}
            >
              ï‘‡
            </Text>
            <Text
              accessible={true}
              allowFontScaling={true}
              ellipsizeMode="tail"
              style={
                Object {
                  "color": "#000",
                  "fontFamily": "System",
                  "fontSize": 16,
                }
              }
              virtual={undefined}
            >
              edim
            </Text>
          </View>
        </View>
      </View>
    </View>
  </View>
  <Modal
    animationType="fade"
    hardwareAccelerated={false}
    onRequestClose={[Function]}
    supportedOrientations={null}
    transparent={true}
    visible={false}
  >
    <View
      style={
        Object {
          "flex": 1,
          "justifyContent": "flex-start",
          "margin": 20,
        }
      }
    >
      <View
        danger={false}
        style={
          Object {
            "alignItems": "center",
            "backgroundColor": "rgba(0,0,0,0.8)",
            "borderRadius": 5,
            "flexDirection": "row",
            "justifyContent": "space-between",
            "minHeight": 50,
            "paddingBottom": 10,
            "paddingLeft": 10,
            "paddingRight": 10,
            "paddingTop": 10,
          }
        }
        success={false}
        virtual={undefined}
        warning={false}
      >
        <Text
          accessible={true}
          allowFontScaling={true}
          ellipsizeMode="tail"
          style={
            Object {
              "color": "#fff",
              "flex": 1,
              "fontFamily": "System",
              "fontSize": 16,
            }
          }
          virtual={undefined}
        />
      </View>
    </View>
  </Modal>
  <Modal
    animationType="fade"
    hardwareAccelerated={false}
    onRequestClose={[Function]}
    transparent={true}
    visible={false}
  >
    <View
      accessibilityComponentType={undefined}
      accessibilityLabel={undefined}
      accessibilityTraits={undefined}
      accessible={true}
      hitSlop={undefined}
      isTVSelectable={true}
      onLayout={undefined}
      onResponderGrant={[Function]}
      onResponderMove={[Function]}
      onResponderRelease={[Function]}
      onResponderTerminate={[Function]}
      onResponderTerminationRequest={[Function]}
      onStartShouldSetResponder={[Function]}
      style={
        Object {
          "backgroundColor": "rgba(0,0,0,0.4)",
          "flex": 1,
          "justifyContent": "flex-end",
          "opacity": 1,
        }
      }
      testID={undefined}
      tvParallaxProperties={undefined}
    >
      <View
        accessibilityComponentType={undefined}
        accessibilityLabel={undefined}
        accessibilityTraits={undefined}
        accessible={true}
        hitSlop={undefined}
        isTVSelectable={true}
        onLayout={undefined}
        onResponderGrant={[Function]}
        onResponderMove={[Function]}
        onResponderRelease={[Function]}
        onResponderTerminate={[Function]}
        onResponderTerminationRequest={[Function]}
        onStartShouldSetResponder={[Function]}
        style={
          Object {
            "backgroundColor": "#fff",
            "elevation": 4,
            "height": NaN,
            "opacity": 1,
            "padding": 15,
          }
        }
        testID={undefined}
        tvParallaxProperties={undefined}
      >
        <Text
          accessible={true}
          allowFontScaling={true}
          ellipsizeMode="tail"
          style={
            Object {
              "color": "#757575",
              "fontFamily": "System",
              "fontSize": 16,
            }
          }
          virtual={undefined}
        />
        <RCTScrollView
          dataArray={Array []}
          dataSource={
            ListViewDataSource {
              "items": 0,
            }
          }
          enableEmptySections={true}
          renderRow={[Function]}
          renderScrollComponent={[Function]}
          style={
            Object {
              "marginHorizontal": -15,
              "marginTop": 15,
            }
          }
          virtual={undefined}
        >
          <View />
        </RCTScrollView>
      </View>
    </View>
  </Modal>
</View>
`;
